python : INFO:httpx:HTTP Request: GET http://testserver/health "HTTP/1.1 200 OK"
At line:1 char:1
+ python direct_test.py 2>&1 | Out-File test_output.txt -Encoding UTF8  ...
+ ~~~~~~~~~~~~~~~~~~~~~~~~~~
    + CategoryInfo          : NotSpecified: (INFO:httpx:HTTP...TTP/1.1 200 OK":String) [], RemoteException
    + FullyQualifiedErrorId : NativeCommandError
 
INFO:httpx:HTTP Request: POST http://testserver/api/honeypot/message "HTTP/1.1 200 OK"
INFO:httpx:HTTP Request: POST http://testserver/api/honeypot/message "HTTP/1.1 200 OK"
INFO:httpx:HTTP Request: GET http://testserver/api/session/real-test-001 "HTTP/1.1 200 OK"
ERROR:callback.guvi_callback:Connection error to https://guvi.example.com/api/v1/intelligence: 
HTTPSConnectionPool(host='guvi.example.com', port=443): Max retries exceeded with url: /api/v1/intelligence (Caused by 
NameResolutionError("HTTPSConnection(host='guvi.example.com', port=443): Failed to resolve 'guvi.example.com' ([Errno 
11001] getaddrinfo failed)"))
ERROR:callback.guvi_callback:Connection error to https://guvi.example.com/api/v1/intelligence: 
HTTPSConnectionPool(host='guvi.example.com', port=443): Max retries exceeded with url: /api/v1/intelligence (Caused by 
NameResolutionError("HTTPSConnection(host='guvi.example.com', port=443): Failed to resolve 'guvi.example.com' ([Errno 
11001] getaddrinfo failed)"))
WARNING:callback.guvi_callback:GUVI endpoint returned error: Failed to connect to GUVI endpoint: 
HTTPSConnectionPool(host='guvi.example.com', port=443): Max retries exceeded with url: /api/v1/intelligence (Caused by 
NameResolutionError("HTTPSConnection(host='guvi.example.com', port=443): Failed to resolve 'guvi.example.com' ([Errno 
11001] getaddrinfo failed)"))
WARNING:callback.guvi_callback:GUVI endpoint returned error: Failed to connect to GUVI endpoint: 
HTTPSConnectionPool(host='guvi.example.com', port=443): Max retries exceeded with url: /api/v1/intelligence (Caused by 
NameResolutionError("HTTPSConnection(host='guvi.example.com', port=443): Failed to resolve 'guvi.example.com' ([Errno 
11001] getaddrinfo failed)"))
INFO:httpx:HTTP Request: POST http://testserver/api/honeypot/message "HTTP/1.1 401 Unauthorized"
INFO:httpx:HTTP Request: POST http://testserver/api/honeypot/message "HTTP/1.1 403 Forbidden"
INFO:httpx:HTTP Request: GET http://testserver/ "HTTP/1.1 200 OK"

================================================================================
AGENTIC HONEYPOT - COMPLETE TEST
================================================================================

[1] Health Check...
   Status: 200
   Response: {'status': 'healthy', 'service': 'agentic-honeypot', 'version': '1.0.0'}

[2] First Message - Critical Phishing Attempt...
[GUVI Callback] Sending intelligence for session real-test-001 to GUVI endpoint...
   Status: 200
   Response: {
  "status": "success",
  "reply": "I'd like to understand this better. What are they trying to get you to do? What exactly are they trying to get you to do?"
}

[3] Follow-up Message - Multi-turn Conversation...
[GUVI Callback] Sending intelligence for session real-test-001 to GUVI endpoint...
   Status: 200
   Response: {
  "status": "success",
  "reply": "What's going on with this conversation? Could you tell me more about this?"
}

[4] Get Session Summary...
   Status: 200
   Session Data:
     - Messages: 4
     - Risk Level: high
     - Scam Confirmed: False
     - UPI IDs Found: 1
     - URLs Found: 1

[5] API Security - Missing Key...
[GUVI Callback] Failed to send intelligence: {'success': False, 'error': 'ConnectionError', 'message': 'Failed to connect to GUVI endpoint: HTTPSConnectionPool(host=\'guvi.example.com\', port=443): Max retries exceeded with url: /api/v1/intelligence (Caused by NameResolutionError("HTTPSConnection(host=\'guvi.example.com\', port=443): Failed to resolve \'guvi.example.com\' ([Errno 11001] getaddrinfo failed)"))', 'endpoint': 'https://guvi.example.com/api/v1/intelligence'}
[GUVI Callback] Failed to send intelligence: {'success': False, 'error': 'ConnectionError', 'message': 'Failed to connect to GUVI endpoint: HTTPSConnectionPool(host=\'guvi.example.com\', port=443): Max retries exceeded with url: /api/v1/intelligence (Caused by NameResolutionError("HTTPSConnection(host=\'guvi.example.com\', port=443): Failed to resolve \'guvi.example.com\' ([Errno 11001] getaddrinfo failed)"))', 'endpoint': 'https://guvi.example.com/api/v1/intelligence'}
   Status: 401 (Should be 401)

[6] API Security - Invalid Key...
   Status: 403 (Should be 403)

[7] API Endpoints Summary...
   Service: Agentic Honeypot for Scam Detection & Intelligence Extraction
   Version: 1.0.0
   Endpoints: {'health': '/health', 'honeypot_message': '/api/honeypot/message (POST)', 'submit_intelligence': '/api/honeypot/submit-intelligence (POST)', 'session_summary': '/api/session/{session_id} (GET)', 'all_sessions': '/api/sessions (GET)'}

================================================================================
Traceback (most recent call last):
  File "C:\Users\SHAKTHI\Desktop\agentic-honeypot\direct_test.py", line 137, in <module>
    test_honeypot_flow()
  File "C:\Users\SHAKTHI\Desktop\agentic-honeypot\direct_test.py", line 120, in test_honeypot_flow
    print("\u2705 ALL TESTS COMPLETED SUCCESSFULLY!")
  File "C:\Program Files\Python311\Lib\encodings\cp1252.py", line 19, in encode
    return codecs.charmap_encode(input,self.errors,encoding_table)[0]
           ^^^^^^^^^^^^^^^^^^^^^^^^^^^^^^^^^^^^^^^^^^^^^^^^^^^^^^^
UnicodeEncodeError: 'charmap' codec can't encode character '\u2705' in position 0: character maps to <undefined>
